// Jest Snapshot v1, https://goo.gl/fbAQLP

exports[`CommentsCard should render CommentsCard Component 1`] = `
<Provider
  store={
    Object {
      "clearActions": [Function],
      "dispatch": [Function],
      "getActions": [Function],
      "getState": [Function],
      "replaceReducer": [Function],
      "subscribe": [Function],
    }
  }
>
  <BrowserRouter>
    <Router
      history={
        Object {
          "action": "POP",
          "block": [Function],
          "createHref": [Function],
          "go": [Function],
          "goBack": [Function],
          "goForward": [Function],
          "length": 1,
          "listen": [Function],
          "location": Object {
            "hash": "",
            "pathname": "/",
            "search": "",
            "state": undefined,
          },
          "push": [Function],
          "replace": [Function],
        }
      }
    >
      <Switch>
        <Connect(CommentsCard)
          computedMatch={
            Object {
              "isExact": true,
              "params": Object {},
              "path": "/",
              "url": "/",
            }
          }
          getComment={[MockFunction]}
          isAuthenticated={true}
          location={
            Object {
              "hash": "",
              "pathname": "/",
              "search": "",
              "state": undefined,
            }
          }
          match={
            Object {
              "params": Object {
                "articleId": 55,
              },
            }
          }
        >
          <CommentsCard
            comments={Array []}
            computedMatch={
              Object {
                "isExact": true,
                "params": Object {},
                "path": "/",
                "url": "/",
              }
            }
            getComment={[Function]}
            isAuthenticated={false}
            location={
              Object {
                "hash": "",
                "pathname": "/",
                "search": "",
                "state": undefined,
              }
            }
            match={
              Object {
                "params": Object {
                  "articleId": 55,
                },
              }
            }
            postComment={[Function]}
            user={Object {}}
          >
            <div
              className="w-4/6 mx-auto"
            >
              <CreateComments
                comments={Array []}
                content=""
                contentError=""
                handleClear={[Function]}
                handleCommentSubmit={[Function]}
                handleInputFieldChange={[Function]}
                isAuthenticated={false}
                status="rest"
              >
                <section>
                  <div
                    className="flex flex-col w-full m-auto  mb-10 mt-10"
                  >
                    <h2
                      className="mb-3 font-bold text-2xl uppercase"
                    >
                      comments
                    </h2>
                    <form
                      arai-label="comment"
                      data-testid="submit-form"
                      onSubmit={[Function]}
                    >
                      <div
                        className="flex flex-col md:flex-row w-full "
                      >
                        <div
                          className="w-full md:pr-6 pr-0"
                        >
                          <textarea
                            className="w-full h-full p-3 border-solid border-gray-200 border-2 "
                            data-testid="content"
                            disabled={true}
                            name="content"
                            onChange={[Function]}
                            placeholder="Enter Comment..."
                            value=""
                          />
                          <p
                            className="text-center text-red-600 font-medium text-xl"
                          >
                            You need to login to post a comment!!!
                          </p>
                        </div>
                        <div
                          className="md:w-1/5 w-full flex flex-row justify-between md:flex-col md:justify-start"
                          data-testid="commentButtons"
                        >
                          <button
                            className="bg-gray-500 hover:bg-gray-600 text-black p-2 md:p-4 rounded mb-5 md:w-full w-1/2 md:ml-0 mr-5"
                            data-testid="button"
                            disabled={true}
                            onClick={[Function]}
                            type="button"
                          >
                            CLEAR
                          </button>
                          <button
                            className="bg-red-500 hover:bg-red-600 text-white p-2 md:p-4 rounded mb-5 md:w-full w-1/2 md:ml-0 ml-5"
                            data-testid="submit"
                            disabled={true}
                            type="submit"
                          >
                            SEND
                          </button>
                        </div>
                      </div>
                    </form>
                  </div>
                </section>
              </CreateComments>
            </div>
          </CommentsCard>
        </Connect(CommentsCard)>
      </Switch>
    </Router>
  </BrowserRouter>
</Provider>
`;
